INTERNAL SERVER ERROR: cannot access local variable 'traceback' where it is not associated with a value
Traceback (most recent call last):
  File "D:\mindbridge2\mindbridge\backend\api\voice.py", line 203, in handle_voice_turn
    response_audio = await synthesize_speech(
                     ^^^^^^^^^^^^^^^^^^^^^^^^
    ...<3 lines>...
    )
    ^
  File "D:\mindbridge2\mindbridge\backend\ai_engine\voice_client.py", line 192, in synthesize_speech
    raise Exception(f"TTS failed: {response.status_code} — {response.text}")
Exception: TTS failed: 400 — {"error":{"message":"Pitch and loudness parameters are currently not supported for the Bulbul V3 model. Please do not pass these values.","code":"invalid_request_error","request_id":"20260620_832c9adb-1d60-4ae7-89fb-03e4ae151be7"}}

During handling of the above exception, another exception occurred:

Traceback (most recent call last):
  File "E:\python\Lib\site-packages\starlette\middleware\errors.py", line 164, in __call__
    await self.app(scope, receive, _send)
  File "E:\python\Lib\site-packages\starlette\middleware\cors.py", line 93, in __call__
    await self.simple_response(scope, receive, send, request_headers=headers)
  File "E:\python\Lib\site-packages\starlette\middleware\cors.py", line 144, in simple_response
    await self.app(scope, receive, send)
  File "E:\python\Lib\site-packages\starlette\middleware\exceptions.py", line 63, in __call__
    await wrap_app_handling_exceptions(self.app, conn)(scope, receive, send)
  File "E:\python\Lib\site-packages\starlette\_exception_handler.py", line 53, in wrapped_app
    raise exc
  File "E:\python\Lib\site-packages\starlette\_exception_handler.py", line 42, in wrapped_app
    await app(scope, receive, sender)
  File "E:\python\Lib\site-packages\fastapi\middleware\asyncexitstack.py", line 18, in __call__
    await self.app(scope, receive, send)
  File "E:\python\Lib\site-packages\starlette\routing.py", line 716, in __call__
    await self.middleware_stack(scope, receive, send)
  File "E:\python\Lib\site-packages\starlette\routing.py", line 736, in app
    await route.handle(scope, receive, send)
  File "E:\python\Lib\site-packages\starlette\routing.py", line 290, in handle
    await self.app(scope, receive, send)
  File "E:\python\Lib\site-packages\fastapi\routing.py", line 125, in app
    await wrap_app_handling_exceptions(app, request)(scope, receive, send)
  File "E:\python\Lib\site-packages\starlette\_exception_handler.py", line 53, in wrapped_app
    raise exc
  File "E:\python\Lib\site-packages\starlette\_exception_handler.py", line 42, in wrapped_app
    await app(scope, receive, sender)
  File "E:\python\Lib\site-packages\fastapi\routing.py", line 111, in app
    response = await f(request)
               ^^^^^^^^^^^^^^^^
  File "E:\python\Lib\site-packages\fastapi\routing.py", line 391, in app
    raw_response = await run_endpoint_function(
                   ^^^^^^^^^^^^^^^^^^^^^^^^^^^^
    ...<3 lines>...
    )
    ^
  File "E:\python\Lib\site-packages\fastapi\routing.py", line 290, in run_endpoint_function
    return await dependant.call(**values)
           ^^^^^^^^^^^^^^^^^^^^^^^^^^^^^^
  File "D:\mindbridge2\mindbridge\backend\api\voice.py", line 252, in voice_conversation
    return await handle_voice_turn(transcript, session_id, language, current_user, db)
           ^^^^^^^^^^^^^^^^^^^^^^^^^^^^^^^^^^^^^^^^^^^^^^^^^^^^^^^^^^^^^^^^^^^^^^^^^^^
  File "D:\mindbridge2\mindbridge\backend\api\voice.py", line 211, in handle_voice_turn
    traceback.print_exc()
    ^^^^^^^^^
UnboundLocalError: cannot access local variable 'traceback' where it is not associated with a value

INTERNAL SERVER ERROR: cannot access local variable 'traceback' where it is not associated with a value
Traceback (most recent call last):
  File "D:\mindbridge2\mindbridge\backend\api\voice.py", line 203, in handle_voice_turn
    response_audio = await synthesize_speech(
                     ^^^^^^^^^^^^^^^^^^^^^^^^
    ...<3 lines>...
    )
    ^
  File "D:\mindbridge2\mindbridge\backend\ai_engine\voice_client.py", line 192, in synthesize_speech
    raise Exception(f"TTS failed: {response.status_code} — {response.text}")
Exception: TTS failed: 400 — {"error":{"message":"Pitch and loudness parameters are currently not supported for the Bulbul V3 model. Please do not pass these values.","code":"invalid_request_error","request_id":"20260620_c0034938-17d2-43e6-9de4-c047f4f72572"}}

During handling of the above exception, another exception occurred:

Traceback (most recent call last):
  File "E:\python\Lib\site-packages\starlette\middleware\errors.py", line 164, in __call__
    await self.app(scope, receive, _send)
  File "E:\python\Lib\site-packages\starlette\middleware\cors.py", line 93, in __call__
    await self.simple_response(scope, receive, send, request_headers=headers)
  File "E:\python\Lib\site-packages\starlette\middleware\cors.py", line 144, in simple_response
    await self.app(scope, receive, send)
  File "E:\python\Lib\site-packages\starlette\middleware\exceptions.py", line 63, in __call__
    await wrap_app_handling_exceptions(self.app, conn)(scope, receive, send)
  File "E:\python\Lib\site-packages\starlette\_exception_handler.py", line 53, in wrapped_app
    raise exc
  File "E:\python\Lib\site-packages\starlette\_exception_handler.py", line 42, in wrapped_app
    await app(scope, receive, sender)
  File "E:\python\Lib\site-packages\fastapi\middleware\asyncexitstack.py", line 18, in __call__
    await self.app(scope, receive, send)
  File "E:\python\Lib\site-packages\starlette\routing.py", line 716, in __call__
    await self.middleware_stack(scope, receive, send)
  File "E:\python\Lib\site-packages\starlette\routing.py", line 736, in app
    await route.handle(scope, receive, send)
  File "E:\python\Lib\site-packages\starlette\routing.py", line 290, in handle
    await self.app(scope, receive, send)
  File "E:\python\Lib\site-packages\fastapi\routing.py", line 125, in app
    await wrap_app_handling_exceptions(app, request)(scope, receive, send)
  File "E:\python\Lib\site-packages\starlette\_exception_handler.py", line 53, in wrapped_app
    raise exc
  File "E:\python\Lib\site-packages\starlette\_exception_handler.py", line 42, in wrapped_app
    await app(scope, receive, sender)
  File "E:\python\Lib\site-packages\fastapi\routing.py", line 111, in app
    response = await f(request)
               ^^^^^^^^^^^^^^^^
  File "E:\python\Lib\site-packages\fastapi\routing.py", line 391, in app
    raw_response = await run_endpoint_function(
                   ^^^^^^^^^^^^^^^^^^^^^^^^^^^^
    ...<3 lines>...
    )
    ^
  File "E:\python\Lib\site-packages\fastapi\routing.py", line 290, in run_endpoint_function
    return await dependant.call(**values)
           ^^^^^^^^^^^^^^^^^^^^^^^^^^^^^^
  File "D:\mindbridge2\mindbridge\backend\api\voice.py", line 252, in voice_conversation
    return await handle_voice_turn(transcript, session_id, language, current_user, db)
           ^^^^^^^^^^^^^^^^^^^^^^^^^^^^^^^^^^^^^^^^^^^^^^^^^^^^^^^^^^^^^^^^^^^^^^^^^^^
  File "D:\mindbridge2\mindbridge\backend\api\voice.py", line 211, in handle_voice_turn
    traceback.print_exc()
    ^^^^^^^^^
UnboundLocalError: cannot access local variable 'traceback' where it is not associated with a value

INTERNAL SERVER ERROR: cannot access local variable 'traceback' where it is not associated with a value
Traceback (most recent call last):
  File "D:\mindbridge2\mindbridge\backend\api\voice.py", line 203, in handle_voice_turn
    response_audio = await synthesize_speech(
                     ^^^^^^^^^^^^^^^^^^^^^^^^
    ...<3 lines>...
    )
    ^
  File "D:\mindbridge2\mindbridge\backend\ai_engine\voice_client.py", line 192, in synthesize_speech
    raise Exception(f"TTS failed: {response.status_code} — {response.text}")
Exception: TTS failed: 400 — {"error":{"message":"Pitch and loudness parameters are currently not supported for the Bulbul V3 model. Please do not pass these values.","code":"invalid_request_error","request_id":"20260620_4e38f233-d270-48cf-af59-551bdc4be310"}}

During handling of the above exception, another exception occurred:

Traceback (most recent call last):
  File "E:\python\Lib\site-packages\starlette\middleware\errors.py", line 164, in __call__
    await self.app(scope, receive, _send)
  File "E:\python\Lib\site-packages\starlette\middleware\cors.py", line 93, in __call__
    await self.simple_response(scope, receive, send, request_headers=headers)
  File "E:\python\Lib\site-packages\starlette\middleware\cors.py", line 144, in simple_response
    await self.app(scope, receive, send)
  File "E:\python\Lib\site-packages\starlette\middleware\exceptions.py", line 63, in __call__
    await wrap_app_handling_exceptions(self.app, conn)(scope, receive, send)
  File "E:\python\Lib\site-packages\starlette\_exception_handler.py", line 53, in wrapped_app
    raise exc
  File "E:\python\Lib\site-packages\starlette\_exception_handler.py", line 42, in wrapped_app
    await app(scope, receive, sender)
  File "E:\python\Lib\site-packages\fastapi\middleware\asyncexitstack.py", line 18, in __call__
    await self.app(scope, receive, send)
  File "E:\python\Lib\site-packages\starlette\routing.py", line 716, in __call__
    await self.middleware_stack(scope, receive, send)
  File "E:\python\Lib\site-packages\starlette\routing.py", line 736, in app
    await route.handle(scope, receive, send)
  File "E:\python\Lib\site-packages\starlette\routing.py", line 290, in handle
    await self.app(scope, receive, send)
  File "E:\python\Lib\site-packages\fastapi\routing.py", line 125, in app
    await wrap_app_handling_exceptions(app, request)(scope, receive, send)
  File "E:\python\Lib\site-packages\starlette\_exception_handler.py", line 53, in wrapped_app
    raise exc
  File "E:\python\Lib\site-packages\starlette\_exception_handler.py", line 42, in wrapped_app
    await app(scope, receive, sender)
  File "E:\python\Lib\site-packages\fastapi\routing.py", line 111, in app
    response = await f(request)
               ^^^^^^^^^^^^^^^^
  File "E:\python\Lib\site-packages\fastapi\routing.py", line 391, in app
    raw_response = await run_endpoint_function(
                   ^^^^^^^^^^^^^^^^^^^^^^^^^^^^
    ...<3 lines>...
    )
    ^
  File "E:\python\Lib\site-packages\fastapi\routing.py", line 290, in run_endpoint_function
    return await dependant.call(**values)
           ^^^^^^^^^^^^^^^^^^^^^^^^^^^^^^
  File "D:\mindbridge2\mindbridge\backend\api\voice.py", line 252, in voice_conversation
    return await handle_voice_turn(transcript, session_id, language, current_user, db)
           ^^^^^^^^^^^^^^^^^^^^^^^^^^^^^^^^^^^^^^^^^^^^^^^^^^^^^^^^^^^^^^^^^^^^^^^^^^^
  File "D:\mindbridge2\mindbridge\backend\api\voice.py", line 211, in handle_voice_turn
    traceback.print_exc()
    ^^^^^^^^^
UnboundLocalError: cannot access local variable 'traceback' where it is not associated with a value

INTERNAL SERVER ERROR: cannot access local variable 'traceback' where it is not associated with a value
Traceback (most recent call last):
  File "D:\mindbridge2\mindbridge\backend\api\voice.py", line 203, in handle_voice_turn
    response_audio = await synthesize_speech(
                     ^^^^^^^^^^^^^^^^^^^^^^^^
    ...<3 lines>...
    )
    ^
  File "D:\mindbridge2\mindbridge\backend\ai_engine\voice_client.py", line 192, in synthesize_speech
    raise Exception(f"TTS failed: {response.status_code} — {response.text}")
Exception: TTS failed: 400 — {"error":{"message":"Pitch and loudness parameters are currently not supported for the Bulbul V3 model. Please do not pass these values.","code":"invalid_request_error","request_id":"20260620_69ace548-af6e-44bd-a050-81dda10af9f0"}}

During handling of the above exception, another exception occurred:

Traceback (most recent call last):
  File "E:\python\Lib\site-packages\starlette\middleware\errors.py", line 164, in __call__
    await self.app(scope, receive, _send)
  File "E:\python\Lib\site-packages\starlette\middleware\cors.py", line 93, in __call__
    await self.simple_response(scope, receive, send, request_headers=headers)
  File "E:\python\Lib\site-packages\starlette\middleware\cors.py", line 144, in simple_response
    await self.app(scope, receive, send)
  File "E:\python\Lib\site-packages\starlette\middleware\exceptions.py", line 63, in __call__
    await wrap_app_handling_exceptions(self.app, conn)(scope, receive, send)
  File "E:\python\Lib\site-packages\starlette\_exception_handler.py", line 53, in wrapped_app
    raise exc
  File "E:\python\Lib\site-packages\starlette\_exception_handler.py", line 42, in wrapped_app
    await app(scope, receive, sender)
  File "E:\python\Lib\site-packages\fastapi\middleware\asyncexitstack.py", line 18, in __call__
    await self.app(scope, receive, send)
  File "E:\python\Lib\site-packages\starlette\routing.py", line 716, in __call__
    await self.middleware_stack(scope, receive, send)
  File "E:\python\Lib\site-packages\starlette\routing.py", line 736, in app
    await route.handle(scope, receive, send)
  File "E:\python\Lib\site-packages\starlette\routing.py", line 290, in handle
    await self.app(scope, receive, send)
  File "E:\python\Lib\site-packages\fastapi\routing.py", line 125, in app
    await wrap_app_handling_exceptions(app, request)(scope, receive, send)
  File "E:\python\Lib\site-packages\starlette\_exception_handler.py", line 53, in wrapped_app
    raise exc
  File "E:\python\Lib\site-packages\starlette\_exception_handler.py", line 42, in wrapped_app
    await app(scope, receive, sender)
  File "E:\python\Lib\site-packages\fastapi\routing.py", line 111, in app
    response = await f(request)
               ^^^^^^^^^^^^^^^^
  File "E:\python\Lib\site-packages\fastapi\routing.py", line 391, in app
    raw_response = await run_endpoint_function(
                   ^^^^^^^^^^^^^^^^^^^^^^^^^^^^
    ...<3 lines>...
    )
    ^
  File "E:\python\Lib\site-packages\fastapi\routing.py", line 290, in run_endpoint_function
    return await dependant.call(**values)
           ^^^^^^^^^^^^^^^^^^^^^^^^^^^^^^
  File "D:\mindbridge2\mindbridge\backend\api\voice.py", line 252, in voice_conversation
    return await handle_voice_turn(transcript, session_id, language, current_user, db)
           ^^^^^^^^^^^^^^^^^^^^^^^^^^^^^^^^^^^^^^^^^^^^^^^^^^^^^^^^^^^^^^^^^^^^^^^^^^^
  File "D:\mindbridge2\mindbridge\backend\api\voice.py", line 211, in handle_voice_turn
    traceback.print_exc()
    ^^^^^^^^^
UnboundLocalError: cannot access local variable 'traceback' where it is not associated with a value

INTERNAL SERVER ERROR: cannot access local variable 'traceback' where it is not associated with a value
Traceback (most recent call last):
  File "D:\mindbridge2\mindbridge\backend\api\voice.py", line 203, in handle_voice_turn
    response_audio = await synthesize_speech(
                     ^^^^^^^^^^^^^^^^^^^^^^^^
    ...<3 lines>...
    )
    ^
  File "D:\mindbridge2\mindbridge\backend\ai_engine\voice_client.py", line 192, in synthesize_speech
    raise Exception(f"TTS failed: {response.status_code} — {response.text}")
Exception: TTS failed: 400 — {"error":{"message":"Pitch and loudness parameters are currently not supported for the Bulbul V3 model. Please do not pass these values.","code":"invalid_request_error","request_id":"20260620_014b9b66-dd04-44b4-955b-c6f81c768570"}}

During handling of the above exception, another exception occurred:

Traceback (most recent call last):
  File "E:\python\Lib\site-packages\starlette\middleware\errors.py", line 164, in __call__
    await self.app(scope, receive, _send)
  File "E:\python\Lib\site-packages\starlette\middleware\cors.py", line 93, in __call__
    await self.simple_response(scope, receive, send, request_headers=headers)
  File "E:\python\Lib\site-packages\starlette\middleware\cors.py", line 144, in simple_response
    await self.app(scope, receive, send)
  File "E:\python\Lib\site-packages\starlette\middleware\exceptions.py", line 63, in __call__
    await wrap_app_handling_exceptions(self.app, conn)(scope, receive, send)
  File "E:\python\Lib\site-packages\starlette\_exception_handler.py", line 53, in wrapped_app
    raise exc
  File "E:\python\Lib\site-packages\starlette\_exception_handler.py", line 42, in wrapped_app
    await app(scope, receive, sender)
  File "E:\python\Lib\site-packages\fastapi\middleware\asyncexitstack.py", line 18, in __call__
    await self.app(scope, receive, send)
  File "E:\python\Lib\site-packages\starlette\routing.py", line 716, in __call__
    await self.middleware_stack(scope, receive, send)
  File "E:\python\Lib\site-packages\starlette\routing.py", line 736, in app
    await route.handle(scope, receive, send)
  File "E:\python\Lib\site-packages\starlette\routing.py", line 290, in handle
    await self.app(scope, receive, send)
  File "E:\python\Lib\site-packages\fastapi\routing.py", line 125, in app
    await wrap_app_handling_exceptions(app, request)(scope, receive, send)
  File "E:\python\Lib\site-packages\starlette\_exception_handler.py", line 53, in wrapped_app
    raise exc
  File "E:\python\Lib\site-packages\starlette\_exception_handler.py", line 42, in wrapped_app
    await app(scope, receive, sender)
  File "E:\python\Lib\site-packages\fastapi\routing.py", line 111, in app
    response = await f(request)
               ^^^^^^^^^^^^^^^^
  File "E:\python\Lib\site-packages\fastapi\routing.py", line 391, in app
    raw_response = await run_endpoint_function(
                   ^^^^^^^^^^^^^^^^^^^^^^^^^^^^
    ...<3 lines>...
    )
    ^
  File "E:\python\Lib\site-packages\fastapi\routing.py", line 290, in run_endpoint_function
    return await dependant.call(**values)
           ^^^^^^^^^^^^^^^^^^^^^^^^^^^^^^
  File "D:\mindbridge2\mindbridge\backend\api\voice.py", line 252, in voice_conversation
    return await handle_voice_turn(transcript, session_id, language, current_user, db)
           ^^^^^^^^^^^^^^^^^^^^^^^^^^^^^^^^^^^^^^^^^^^^^^^^^^^^^^^^^^^^^^^^^^^^^^^^^^^
  File "D:\mindbridge2\mindbridge\backend\api\voice.py", line 211, in handle_voice_turn
    traceback.print_exc()
    ^^^^^^^^^
UnboundLocalError: cannot access local variable 'traceback' where it is not associated with a value

HTTP EXCEPTION: 404 - Session not found
HTTP EXCEPTION: 401 - Invalid email or password
HTTP EXCEPTION: 500 - {'message': "STT failed: Header value must be str or bytes, not <class 'NoneType'>", 'traceback': 'Traceback (most recent call last):\n  File "D:\\mindbridge2\\mindbridge\\backend\\api\\voice.py", line 244, in voice_conversation\n    transcript = await transcribe_audio(audio_bytes, language)\n                 ^^^^^^^^^^^^^^^^^^^^^^^^^^^^^^^^^^^^^^^^^^^^^\n  File "D:\\mindbridge2\\mindbridge\\backend\\ai_engine\\voice_client.py", line 115, in transcribe_audio\n    response = await client.post(\n               ^^^^^^^^^^^^^^^^^^\n    ...<8 lines>...\n    )\n    ^\n  File "E:\\python\\Lib\\site-packages\\httpx\\_client.py", line 1859, in post\n    return await self.request(\n           ^^^^^^^^^^^^^^^^^^^\n    ...<13 lines>...\n    )\n    ^\n  File "E:\\python\\Lib\\site-packages\\httpx\\_client.py", line 1527, in request\n    request = self.build_request(\n        method=method,\n    ...<9 lines>...\n        extensions=extensions,\n    )\n  File "E:\\python\\Lib\\site-packages\\httpx\\_client.py", line 367, in build_request\n    headers = self._merge_headers(headers)\n  File "E:\\python\\Lib\\site-packages\\httpx\\_client.py", line 430, in _merge_headers\n    merged_headers.update(headers)\n    ~~~~~~~~~~~~~~~~~~~~~^^^^^^^^^\n  File "E:\\python\\Lib\\site-packages\\httpx\\_models.py", line 275, in update\n    headers = Headers(headers)\n  File "E:\\python\\Lib\\site-packages\\httpx\\_models.py", line 156, in __init__\n    bytes_value = _normalize_header_value(v, encoding)\n  File "E:\\python\\Lib\\site-packages\\httpx\\_models.py", line 81, in _normalize_header_value\n    raise TypeError(f"Header value must be str or bytes, not {type(value)}")\nTypeError: Header value must be str or bytes, not <class \'NoneType\'>\n'}
HTTP EXCEPTION: 500 - {'message': "STT failed: Header value must be str or bytes, not <class 'NoneType'>", 'traceback': 'Traceback (most recent call last):\n  File "D:\\mindbridge2\\mindbridge\\backend\\api\\voice.py", line 244, in voice_conversation\n    transcript = await transcribe_audio(audio_bytes, language)\n                 ^^^^^^^^^^^^^^^^^^^^^^^^^^^^^^^^^^^^^^^^^^^^^\n  File "D:\\mindbridge2\\mindbridge\\backend\\ai_engine\\voice_client.py", line 115, in transcribe_audio\n    response = await client.post(\n               ^^^^^^^^^^^^^^^^^^\n    ...<8 lines>...\n    )\n    ^\n  File "E:\\python\\Lib\\site-packages\\httpx\\_client.py", line 1859, in post\n    return await self.request(\n           ^^^^^^^^^^^^^^^^^^^\n    ...<13 lines>...\n    )\n    ^\n  File "E:\\python\\Lib\\site-packages\\httpx\\_client.py", line 1527, in request\n    request = self.build_request(\n        method=method,\n    ...<9 lines>...\n        extensions=extensions,\n    )\n  File "E:\\python\\Lib\\site-packages\\httpx\\_client.py", line 367, in build_request\n    headers = self._merge_headers(headers)\n  File "E:\\python\\Lib\\site-packages\\httpx\\_client.py", line 430, in _merge_headers\n    merged_headers.update(headers)\n    ~~~~~~~~~~~~~~~~~~~~~^^^^^^^^^\n  File "E:\\python\\Lib\\site-packages\\httpx\\_models.py", line 275, in update\n    headers = Headers(headers)\n  File "E:\\python\\Lib\\site-packages\\httpx\\_models.py", line 156, in __init__\n    bytes_value = _normalize_header_value(v, encoding)\n  File "E:\\python\\Lib\\site-packages\\httpx\\_models.py", line 81, in _normalize_header_value\n    raise TypeError(f"Header value must be str or bytes, not {type(value)}")\nTypeError: Header value must be str or bytes, not <class \'NoneType\'>\n'}
HTTP EXCEPTION: 500 - {'message': "STT failed: Header value must be str or bytes, not <class 'NoneType'>", 'traceback': 'Traceback (most recent call last):\n  File "D:\\mindbridge2\\mindbridge\\backend\\api\\voice.py", line 244, in voice_conversation\n    transcript = await transcribe_audio(audio_bytes, language)\n                 ^^^^^^^^^^^^^^^^^^^^^^^^^^^^^^^^^^^^^^^^^^^^^\n  File "D:\\mindbridge2\\mindbridge\\backend\\ai_engine\\voice_client.py", line 115, in transcribe_audio\n    response = await client.post(\n               ^^^^^^^^^^^^^^^^^^\n    ...<8 lines>...\n    )\n    ^\n  File "E:\\python\\Lib\\site-packages\\httpx\\_client.py", line 1859, in post\n    return await self.request(\n           ^^^^^^^^^^^^^^^^^^^\n    ...<13 lines>...\n    )\n    ^\n  File "E:\\python\\Lib\\site-packages\\httpx\\_client.py", line 1527, in request\n    request = self.build_request(\n        method=method,\n    ...<9 lines>...\n        extensions=extensions,\n    )\n  File "E:\\python\\Lib\\site-packages\\httpx\\_client.py", line 367, in build_request\n    headers = self._merge_headers(headers)\n  File "E:\\python\\Lib\\site-packages\\httpx\\_client.py", line 430, in _merge_headers\n    merged_headers.update(headers)\n    ~~~~~~~~~~~~~~~~~~~~~^^^^^^^^^\n  File "E:\\python\\Lib\\site-packages\\httpx\\_models.py", line 275, in update\n    headers = Headers(headers)\n  File "E:\\python\\Lib\\site-packages\\httpx\\_models.py", line 156, in __init__\n    bytes_value = _normalize_header_value(v, encoding)\n  File "E:\\python\\Lib\\site-packages\\httpx\\_models.py", line 81, in _normalize_header_value\n    raise TypeError(f"Header value must be str or bytes, not {type(value)}")\nTypeError: Header value must be str or bytes, not <class \'NoneType\'>\n'}
HTTP EXCEPTION: 500 - {'message': "STT failed: Header value must be str or bytes, not <class 'NoneType'>", 'traceback': 'Traceback (most recent call last):\n  File "D:\\mindbridge2\\mindbridge\\backend\\api\\voice.py", line 244, in voice_conversation\n    transcript = await transcribe_audio(audio_bytes, language)\n                 ^^^^^^^^^^^^^^^^^^^^^^^^^^^^^^^^^^^^^^^^^^^^^\n  File "D:\\mindbridge2\\mindbridge\\backend\\ai_engine\\voice_client.py", line 115, in transcribe_audio\n    response = await client.post(\n               ^^^^^^^^^^^^^^^^^^\n    ...<8 lines>...\n    )\n    ^\n  File "E:\\python\\Lib\\site-packages\\httpx\\_client.py", line 1859, in post\n    return await self.request(\n           ^^^^^^^^^^^^^^^^^^^\n    ...<13 lines>...\n    )\n    ^\n  File "E:\\python\\Lib\\site-packages\\httpx\\_client.py", line 1527, in request\n    request = self.build_request(\n        method=method,\n    ...<9 lines>...\n        extensions=extensions,\n    )\n  File "E:\\python\\Lib\\site-packages\\httpx\\_client.py", line 367, in build_request\n    headers = self._merge_headers(headers)\n  File "E:\\python\\Lib\\site-packages\\httpx\\_client.py", line 430, in _merge_headers\n    merged_headers.update(headers)\n    ~~~~~~~~~~~~~~~~~~~~~^^^^^^^^^\n  File "E:\\python\\Lib\\site-packages\\httpx\\_models.py", line 275, in update\n    headers = Headers(headers)\n  File "E:\\python\\Lib\\site-packages\\httpx\\_models.py", line 156, in __init__\n    bytes_value = _normalize_header_value(v, encoding)\n  File "E:\\python\\Lib\\site-packages\\httpx\\_models.py", line 81, in _normalize_header_value\n    raise TypeError(f"Header value must be str or bytes, not {type(value)}")\nTypeError: Header value must be str or bytes, not <class \'NoneType\'>\n'}
HTTP EXCEPTION: 500 - {'message': "STT failed: Header value must be str or bytes, not <class 'NoneType'>", 'traceback': 'Traceback (most recent call last):\n  File "D:\\mindbridge2\\mindbridge\\backend\\api\\voice.py", line 244, in voice_conversation\n    transcript = await transcribe_audio(audio_bytes, language)\n                 ^^^^^^^^^^^^^^^^^^^^^^^^^^^^^^^^^^^^^^^^^^^^^\n  File "D:\\mindbridge2\\mindbridge\\backend\\ai_engine\\voice_client.py", line 115, in transcribe_audio\n    response = await client.post(\n               ^^^^^^^^^^^^^^^^^^\n    ...<8 lines>...\n    )\n    ^\n  File "E:\\python\\Lib\\site-packages\\httpx\\_client.py", line 1859, in post\n    return await self.request(\n           ^^^^^^^^^^^^^^^^^^^\n    ...<13 lines>...\n    )\n    ^\n  File "E:\\python\\Lib\\site-packages\\httpx\\_client.py", line 1527, in request\n    request = self.build_request(\n        method=method,\n    ...<9 lines>...\n        extensions=extensions,\n    )\n  File "E:\\python\\Lib\\site-packages\\httpx\\_client.py", line 367, in build_request\n    headers = self._merge_headers(headers)\n  File "E:\\python\\Lib\\site-packages\\httpx\\_client.py", line 430, in _merge_headers\n    merged_headers.update(headers)\n    ~~~~~~~~~~~~~~~~~~~~~^^^^^^^^^\n  File "E:\\python\\Lib\\site-packages\\httpx\\_models.py", line 275, in update\n    headers = Headers(headers)\n  File "E:\\python\\Lib\\site-packages\\httpx\\_models.py", line 156, in __init__\n    bytes_value = _normalize_header_value(v, encoding)\n  File "E:\\python\\Lib\\site-packages\\httpx\\_models.py", line 81, in _normalize_header_value\n    raise TypeError(f"Header value must be str or bytes, not {type(value)}")\nTypeError: Header value must be str or bytes, not <class \'NoneType\'>\n'}
HTTP EXCEPTION: 401 - Invalid or expired token
HTTP EXCEPTION: 401 - Invalid or expired token
HTTP EXCEPTION: 401 - Invalid or expired token
HTTP EXCEPTION: 401 - Invalid or expired token
HTTP EXCEPTION: 401 - Invalid email or password
HTTP EXCEPTION: 404 - Not Found
HTTP EXCEPTION: 500 - {'message': 'STT failed: STT failed: 400 — {"error":{"message":"Audio duration exceeds the maximum limit of 30 seconds. Please use the batch API for longer audio files.","code":"invalid_request_error","request_id":"20260713_81e0c8e4-70f2-4e14-ac8f-53b01b2783e6"}}', 'traceback': 'Traceback (most recent call last):\n  File "D:\\mindbridgev3\\mindbridge\\backend\\api\\voice.py", line 244, in voice_conversation\n    transcript = await transcribe_audio(audio_bytes, language)\n                 ^^^^^^^^^^^^^^^^^^^^^^^^^^^^^^^^^^^^^^^^^^^^^\n  File "D:\\mindbridgev3\\mindbridge\\backend\\ai_engine\\voice_client.py", line 132, in transcribe_audio\n    raise Exception(f"STT failed: {response.status_code} — {response.text}")\nException: STT failed: 400 — {"error":{"message":"Audio duration exceeds the maximum limit of 30 seconds. Please use the batch API for longer audio files.","code":"invalid_request_error","request_id":"20260713_81e0c8e4-70f2-4e14-ac8f-53b01b2783e6"}}\n'}
HTTP EXCEPTION: 500 - {'message': 'STT failed: STT failed: 400 — {"error":{"message":"Audio duration exceeds the maximum limit of 30 seconds. Please use the batch API for longer audio files.","code":"invalid_request_error","request_id":"20260713_26a22849-9c2e-4048-b64f-80c2d81611c2"}}', 'traceback': 'Traceback (most recent call last):\n  File "D:\\mindbridgev3\\mindbridge\\backend\\api\\voice.py", line 244, in voice_conversation\n    transcript = await transcribe_audio(audio_bytes, language)\n                 ^^^^^^^^^^^^^^^^^^^^^^^^^^^^^^^^^^^^^^^^^^^^^\n  File "D:\\mindbridgev3\\mindbridge\\backend\\ai_engine\\voice_client.py", line 132, in transcribe_audio\n    raise Exception(f"STT failed: {response.status_code} — {response.text}")\nException: STT failed: 400 — {"error":{"message":"Audio duration exceeds the maximum limit of 30 seconds. Please use the batch API for longer audio files.","code":"invalid_request_error","request_id":"20260713_26a22849-9c2e-4048-b64f-80c2d81611c2"}}\n'}
HTTP EXCEPTION: 400 - Email already registered
HTTP EXCEPTION: 500 - {'message': 'STT failed: [Errno 11001] getaddrinfo failed', 'traceback': 'Traceback (most recent call last):\n  File "E:\\python\\Lib\\site-packages\\httpx\\_transports\\default.py", line 101, in map_httpcore_exceptions\n    yield\n  File "E:\\python\\Lib\\site-packages\\httpx\\_transports\\default.py", line 394, in handle_async_request\n    resp = await self._pool.handle_async_request(req)\n           ^^^^^^^^^^^^^^^^^^^^^^^^^^^^^^^^^^^^^^^^^^\n  File "E:\\python\\Lib\\site-packages\\httpcore\\_async\\connection_pool.py", line 256, in handle_async_request\n    raise exc from None\n  File "E:\\python\\Lib\\site-packages\\httpcore\\_async\\connection_pool.py", line 236, in handle_async_request\n    response = await connection.handle_async_request(\n               ^^^^^^^^^^^^^^^^^^^^^^^^^^^^^^^^^^^^^^\n        pool_request.request\n        ^^^^^^^^^^^^^^^^^^^^\n    )\n    ^\n  File "E:\\python\\Lib\\site-packages\\httpcore\\_async\\connection.py", line 101, in handle_async_request\n    raise exc\n  File "E:\\python\\Lib\\site-packages\\httpcore\\_async\\connection.py", line 78, in handle_async_request\n    stream = await self._connect(request)\n             ^^^^^^^^^^^^^^^^^^^^^^^^^^^^\n  File "E:\\python\\Lib\\site-packages\\httpcore\\_async\\connection.py", line 124, in _connect\n    stream = await self._network_backend.connect_tcp(**kwargs)\n             ^^^^^^^^^^^^^^^^^^^^^^^^^^^^^^^^^^^^^^^^^^^^^^^^^\n  File "E:\\python\\Lib\\site-packages\\httpcore\\_backends\\auto.py", line 31, in connect_tcp\n    return await self._backend.connect_tcp(\n           ^^^^^^^^^^^^^^^^^^^^^^^^^^^^^^^^\n    ...<5 lines>...\n    )\n    ^\n  File "E:\\python\\Lib\\site-packages\\httpcore\\_backends\\anyio.py", line 113, in connect_tcp\n    with map_exceptions(exc_map):\n         ~~~~~~~~~~~~~~^^^^^^^^^\n  File "E:\\python\\Lib\\contextlib.py", line 162, in __exit__\n    self.gen.throw(value)\n    ~~~~~~~~~~~~~~^^^^^^^\n  File "E:\\python\\Lib\\site-packages\\httpcore\\_exceptions.py", line 14, in map_exceptions\n    raise to_exc(exc) from exc\nhttpcore.ConnectError: [Errno 11001] getaddrinfo failed\n\nThe above exception was the direct cause of the following exception:\n\nTraceback (most recent call last):\n  File "D:\\mindbridgev3\\mindbridge\\backend\\api\\voice.py", line 247, in voice_conversation\n    transcript = await transcribe_audio(audio_bytes, language)\n                 ^^^^^^^^^^^^^^^^^^^^^^^^^^^^^^^^^^^^^^^^^^^^^\n  File "D:\\mindbridgev3\\mindbridge\\backend\\ai_engine\\voice_client.py", line 118, in transcribe_audio\n    response = await client.post(\n               ^^^^^^^^^^^^^^^^^^\n    ...<8 lines>...\n    )\n    ^\n  File "E:\\python\\Lib\\site-packages\\httpx\\_client.py", line 1859, in post\n    return await self.request(\n           ^^^^^^^^^^^^^^^^^^^\n    ...<13 lines>...\n    )\n    ^\n  File "E:\\python\\Lib\\site-packages\\httpx\\_client.py", line 1540, in request\n    return await self.send(request, auth=auth, follow_redirects=follow_redirects)\n           ^^^^^^^^^^^^^^^^^^^^^^^^^^^^^^^^^^^^^^^^^^^^^^^^^^^^^^^^^^^^^^^^^^^^^^\n  File "E:\\python\\Lib\\site-packages\\httpx\\_client.py", line 1629, in send\n    response = await self._send_handling_auth(\n               ^^^^^^^^^^^^^^^^^^^^^^^^^^^^^^^\n    ...<4 lines>...\n    )\n    ^\n  File "E:\\python\\Lib\\site-packages\\httpx\\_client.py", line 1657, in _send_handling_auth\n    response = await self._send_handling_redirects(\n               ^^^^^^^^^^^^^^^^^^^^^^^^^^^^^^^^^^^^\n    ...<3 lines>...\n    )\n    ^\n  File "E:\\python\\Lib\\site-packages\\httpx\\_client.py", line 1694, in _send_handling_redirects\n    response = await self._send_single_request(request)\n               ^^^^^^^^^^^^^^^^^^^^^^^^^^^^^^^^^^^^^^^^\n  File "E:\\python\\Lib\\site-packages\\httpx\\_client.py", line 1730, in _send_single_request\n    response = await transport.handle_async_request(request)\n               ^^^^^^^^^^^^^^^^^^^^^^^^^^^^^^^^^^^^^^^^^^^^^\n  File "E:\\python\\Lib\\site-packages\\httpx\\_transports\\default.py", line 393, in handle_async_request\n    with map_httpcore_exceptions():\n         ~~~~~~~~~~~~~~~~~~~~~~~^^\n  File "E:\\python\\Lib\\contextlib.py", line 162, in __exit__\n    self.gen.throw(value)\n    ~~~~~~~~~~~~~~^^^^^^^\n  File "E:\\python\\Lib\\site-packages\\httpx\\_transports\\default.py", line 118, in map_httpcore_exceptions\n    raise mapped_exc(message) from exc\nhttpx.ConnectError: [Errno 11001] getaddrinfo failed\n'}
HTTP EXCEPTION: 500 - {'message': 'STT failed: [Errno 11001] getaddrinfo failed', 'traceback': 'Traceback (most recent call last):\n  File "E:\\python\\Lib\\site-packages\\httpx\\_transports\\default.py", line 101, in map_httpcore_exceptions\n    yield\n  File "E:\\python\\Lib\\site-packages\\httpx\\_transports\\default.py", line 394, in handle_async_request\n    resp = await self._pool.handle_async_request(req)\n           ^^^^^^^^^^^^^^^^^^^^^^^^^^^^^^^^^^^^^^^^^^\n  File "E:\\python\\Lib\\site-packages\\httpcore\\_async\\connection_pool.py", line 256, in handle_async_request\n    raise exc from None\n  File "E:\\python\\Lib\\site-packages\\httpcore\\_async\\connection_pool.py", line 236, in handle_async_request\n    response = await connection.handle_async_request(\n               ^^^^^^^^^^^^^^^^^^^^^^^^^^^^^^^^^^^^^^\n        pool_request.request\n        ^^^^^^^^^^^^^^^^^^^^\n    )\n    ^\n  File "E:\\python\\Lib\\site-packages\\httpcore\\_async\\connection.py", line 101, in handle_async_request\n    raise exc\n  File "E:\\python\\Lib\\site-packages\\httpcore\\_async\\connection.py", line 78, in handle_async_request\n    stream = await self._connect(request)\n             ^^^^^^^^^^^^^^^^^^^^^^^^^^^^\n  File "E:\\python\\Lib\\site-packages\\httpcore\\_async\\connection.py", line 124, in _connect\n    stream = await self._network_backend.connect_tcp(**kwargs)\n             ^^^^^^^^^^^^^^^^^^^^^^^^^^^^^^^^^^^^^^^^^^^^^^^^^\n  File "E:\\python\\Lib\\site-packages\\httpcore\\_backends\\auto.py", line 31, in connect_tcp\n    return await self._backend.connect_tcp(\n           ^^^^^^^^^^^^^^^^^^^^^^^^^^^^^^^^\n    ...<5 lines>...\n    )\n    ^\n  File "E:\\python\\Lib\\site-packages\\httpcore\\_backends\\anyio.py", line 113, in connect_tcp\n    with map_exceptions(exc_map):\n         ~~~~~~~~~~~~~~^^^^^^^^^\n  File "E:\\python\\Lib\\contextlib.py", line 162, in __exit__\n    self.gen.throw(value)\n    ~~~~~~~~~~~~~~^^^^^^^\n  File "E:\\python\\Lib\\site-packages\\httpcore\\_exceptions.py", line 14, in map_exceptions\n    raise to_exc(exc) from exc\nhttpcore.ConnectError: [Errno 11001] getaddrinfo failed\n\nThe above exception was the direct cause of the following exception:\n\nTraceback (most recent call last):\n  File "D:\\mindbridgev3\\mindbridge\\backend\\api\\voice.py", line 247, in voice_conversation\n    transcript = await transcribe_audio(audio_bytes, language)\n                 ^^^^^^^^^^^^^^^^^^^^^^^^^^^^^^^^^^^^^^^^^^^^^\n  File "D:\\mindbridgev3\\mindbridge\\backend\\ai_engine\\voice_client.py", line 118, in transcribe_audio\n    response = await client.post(\n               ^^^^^^^^^^^^^^^^^^\n    ...<8 lines>...\n    )\n    ^\n  File "E:\\python\\Lib\\site-packages\\httpx\\_client.py", line 1859, in post\n    return await self.request(\n           ^^^^^^^^^^^^^^^^^^^\n    ...<13 lines>...\n    )\n    ^\n  File "E:\\python\\Lib\\site-packages\\httpx\\_client.py", line 1540, in request\n    return await self.send(request, auth=auth, follow_redirects=follow_redirects)\n           ^^^^^^^^^^^^^^^^^^^^^^^^^^^^^^^^^^^^^^^^^^^^^^^^^^^^^^^^^^^^^^^^^^^^^^\n  File "E:\\python\\Lib\\site-packages\\httpx\\_client.py", line 1629, in send\n    response = await self._send_handling_auth(\n               ^^^^^^^^^^^^^^^^^^^^^^^^^^^^^^^\n    ...<4 lines>...\n    )\n    ^\n  File "E:\\python\\Lib\\site-packages\\httpx\\_client.py", line 1657, in _send_handling_auth\n    response = await self._send_handling_redirects(\n               ^^^^^^^^^^^^^^^^^^^^^^^^^^^^^^^^^^^^\n    ...<3 lines>...\n    )\n    ^\n  File "E:\\python\\Lib\\site-packages\\httpx\\_client.py", line 1694, in _send_handling_redirects\n    response = await self._send_single_request(request)\n               ^^^^^^^^^^^^^^^^^^^^^^^^^^^^^^^^^^^^^^^^\n  File "E:\\python\\Lib\\site-packages\\httpx\\_client.py", line 1730, in _send_single_request\n    response = await transport.handle_async_request(request)\n               ^^^^^^^^^^^^^^^^^^^^^^^^^^^^^^^^^^^^^^^^^^^^^\n  File "E:\\python\\Lib\\site-packages\\httpx\\_transports\\default.py", line 393, in handle_async_request\n    with map_httpcore_exceptions():\n         ~~~~~~~~~~~~~~~~~~~~~~~^^\n  File "E:\\python\\Lib\\contextlib.py", line 162, in __exit__\n    self.gen.throw(value)\n    ~~~~~~~~~~~~~~^^^^^^^\n  File "E:\\python\\Lib\\site-packages\\httpx\\_transports\\default.py", line 118, in map_httpcore_exceptions\n    raise mapped_exc(message) from exc\nhttpx.ConnectError: [Errno 11001] getaddrinfo failed\n'}
HTTP EXCEPTION: 500 - {'message': 'STT failed: [Errno 11001] getaddrinfo failed', 'traceback': 'Traceback (most recent call last):\n  File "E:\\python\\Lib\\site-packages\\httpx\\_transports\\default.py", line 101, in map_httpcore_exceptions\n    yield\n  File "E:\\python\\Lib\\site-packages\\httpx\\_transports\\default.py", line 394, in handle_async_request\n    resp = await self._pool.handle_async_request(req)\n           ^^^^^^^^^^^^^^^^^^^^^^^^^^^^^^^^^^^^^^^^^^\n  File "E:\\python\\Lib\\site-packages\\httpcore\\_async\\connection_pool.py", line 256, in handle_async_request\n    raise exc from None\n  File "E:\\python\\Lib\\site-packages\\httpcore\\_async\\connection_pool.py", line 236, in handle_async_request\n    response = await connection.handle_async_request(\n               ^^^^^^^^^^^^^^^^^^^^^^^^^^^^^^^^^^^^^^\n        pool_request.request\n        ^^^^^^^^^^^^^^^^^^^^\n    )\n    ^\n  File "E:\\python\\Lib\\site-packages\\httpcore\\_async\\connection.py", line 101, in handle_async_request\n    raise exc\n  File "E:\\python\\Lib\\site-packages\\httpcore\\_async\\connection.py", line 78, in handle_async_request\n    stream = await self._connect(request)\n             ^^^^^^^^^^^^^^^^^^^^^^^^^^^^\n  File "E:\\python\\Lib\\site-packages\\httpcore\\_async\\connection.py", line 124, in _connect\n    stream = await self._network_backend.connect_tcp(**kwargs)\n             ^^^^^^^^^^^^^^^^^^^^^^^^^^^^^^^^^^^^^^^^^^^^^^^^^\n  File "E:\\python\\Lib\\site-packages\\httpcore\\_backends\\auto.py", line 31, in connect_tcp\n    return await self._backend.connect_tcp(\n           ^^^^^^^^^^^^^^^^^^^^^^^^^^^^^^^^\n    ...<5 lines>...\n    )\n    ^\n  File "E:\\python\\Lib\\site-packages\\httpcore\\_backends\\anyio.py", line 113, in connect_tcp\n    with map_exceptions(exc_map):\n         ~~~~~~~~~~~~~~^^^^^^^^^\n  File "E:\\python\\Lib\\contextlib.py", line 162, in __exit__\n    self.gen.throw(value)\n    ~~~~~~~~~~~~~~^^^^^^^\n  File "E:\\python\\Lib\\site-packages\\httpcore\\_exceptions.py", line 14, in map_exceptions\n    raise to_exc(exc) from exc\nhttpcore.ConnectError: [Errno 11001] getaddrinfo failed\n\nThe above exception was the direct cause of the following exception:\n\nTraceback (most recent call last):\n  File "D:\\mindbridgev3\\mindbridge\\backend\\api\\voice.py", line 247, in voice_conversation\n    transcript = await transcribe_audio(audio_bytes, language)\n                 ^^^^^^^^^^^^^^^^^^^^^^^^^^^^^^^^^^^^^^^^^^^^^\n  File "D:\\mindbridgev3\\mindbridge\\backend\\ai_engine\\voice_client.py", line 118, in transcribe_audio\n    response = await client.post(\n               ^^^^^^^^^^^^^^^^^^\n    ...<8 lines>...\n    )\n    ^\n  File "E:\\python\\Lib\\site-packages\\httpx\\_client.py", line 1859, in post\n    return await self.request(\n           ^^^^^^^^^^^^^^^^^^^\n    ...<13 lines>...\n    )\n    ^\n  File "E:\\python\\Lib\\site-packages\\httpx\\_client.py", line 1540, in request\n    return await self.send(request, auth=auth, follow_redirects=follow_redirects)\n           ^^^^^^^^^^^^^^^^^^^^^^^^^^^^^^^^^^^^^^^^^^^^^^^^^^^^^^^^^^^^^^^^^^^^^^\n  File "E:\\python\\Lib\\site-packages\\httpx\\_client.py", line 1629, in send\n    response = await self._send_handling_auth(\n               ^^^^^^^^^^^^^^^^^^^^^^^^^^^^^^^\n    ...<4 lines>...\n    )\n    ^\n  File "E:\\python\\Lib\\site-packages\\httpx\\_client.py", line 1657, in _send_handling_auth\n    response = await self._send_handling_redirects(\n               ^^^^^^^^^^^^^^^^^^^^^^^^^^^^^^^^^^^^\n    ...<3 lines>...\n    )\n    ^\n  File "E:\\python\\Lib\\site-packages\\httpx\\_client.py", line 1694, in _send_handling_redirects\n    response = await self._send_single_request(request)\n               ^^^^^^^^^^^^^^^^^^^^^^^^^^^^^^^^^^^^^^^^\n  File "E:\\python\\Lib\\site-packages\\httpx\\_client.py", line 1730, in _send_single_request\n    response = await transport.handle_async_request(request)\n               ^^^^^^^^^^^^^^^^^^^^^^^^^^^^^^^^^^^^^^^^^^^^^\n  File "E:\\python\\Lib\\site-packages\\httpx\\_transports\\default.py", line 393, in handle_async_request\n    with map_httpcore_exceptions():\n         ~~~~~~~~~~~~~~~~~~~~~~~^^\n  File "E:\\python\\Lib\\contextlib.py", line 162, in __exit__\n    self.gen.throw(value)\n    ~~~~~~~~~~~~~~^^^^^^^\n  File "E:\\python\\Lib\\site-packages\\httpx\\_transports\\default.py", line 118, in map_httpcore_exceptions\n    raise mapped_exc(message) from exc\nhttpx.ConnectError: [Errno 11001] getaddrinfo failed\n'}
HTTP EXCEPTION: 500 - {'message': 'STT failed: [Errno 11001] getaddrinfo failed', 'traceback': 'Traceback (most recent call last):\n  File "E:\\python\\Lib\\site-packages\\httpx\\_transports\\default.py", line 101, in map_httpcore_exceptions\n    yield\n  File "E:\\python\\Lib\\site-packages\\httpx\\_transports\\default.py", line 394, in handle_async_request\n    resp = await self._pool.handle_async_request(req)\n           ^^^^^^^^^^^^^^^^^^^^^^^^^^^^^^^^^^^^^^^^^^\n  File "E:\\python\\Lib\\site-packages\\httpcore\\_async\\connection_pool.py", line 256, in handle_async_request\n    raise exc from None\n  File "E:\\python\\Lib\\site-packages\\httpcore\\_async\\connection_pool.py", line 236, in handle_async_request\n    response = await connection.handle_async_request(\n               ^^^^^^^^^^^^^^^^^^^^^^^^^^^^^^^^^^^^^^\n        pool_request.request\n        ^^^^^^^^^^^^^^^^^^^^\n    )\n    ^\n  File "E:\\python\\Lib\\site-packages\\httpcore\\_async\\connection.py", line 101, in handle_async_request\n    raise exc\n  File "E:\\python\\Lib\\site-packages\\httpcore\\_async\\connection.py", line 78, in handle_async_request\n    stream = await self._connect(request)\n             ^^^^^^^^^^^^^^^^^^^^^^^^^^^^\n  File "E:\\python\\Lib\\site-packages\\httpcore\\_async\\connection.py", line 124, in _connect\n    stream = await self._network_backend.connect_tcp(**kwargs)\n             ^^^^^^^^^^^^^^^^^^^^^^^^^^^^^^^^^^^^^^^^^^^^^^^^^\n  File "E:\\python\\Lib\\site-packages\\httpcore\\_backends\\auto.py", line 31, in connect_tcp\n    return await self._backend.connect_tcp(\n           ^^^^^^^^^^^^^^^^^^^^^^^^^^^^^^^^\n    ...<5 lines>...\n    )\n    ^\n  File "E:\\python\\Lib\\site-packages\\httpcore\\_backends\\anyio.py", line 113, in connect_tcp\n    with map_exceptions(exc_map):\n         ~~~~~~~~~~~~~~^^^^^^^^^\n  File "E:\\python\\Lib\\contextlib.py", line 162, in __exit__\n    self.gen.throw(value)\n    ~~~~~~~~~~~~~~^^^^^^^\n  File "E:\\python\\Lib\\site-packages\\httpcore\\_exceptions.py", line 14, in map_exceptions\n    raise to_exc(exc) from exc\nhttpcore.ConnectError: [Errno 11001] getaddrinfo failed\n\nThe above exception was the direct cause of the following exception:\n\nTraceback (most recent call last):\n  File "D:\\mindbridgev3\\mindbridge\\backend\\api\\voice.py", line 247, in voice_conversation\n    transcript = await transcribe_audio(audio_bytes, language)\n                 ^^^^^^^^^^^^^^^^^^^^^^^^^^^^^^^^^^^^^^^^^^^^^\n  File "D:\\mindbridgev3\\mindbridge\\backend\\ai_engine\\voice_client.py", line 118, in transcribe_audio\n    response = await client.post(\n               ^^^^^^^^^^^^^^^^^^\n    ...<8 lines>...\n    )\n    ^\n  File "E:\\python\\Lib\\site-packages\\httpx\\_client.py", line 1859, in post\n    return await self.request(\n           ^^^^^^^^^^^^^^^^^^^\n    ...<13 lines>...\n    )\n    ^\n  File "E:\\python\\Lib\\site-packages\\httpx\\_client.py", line 1540, in request\n    return await self.send(request, auth=auth, follow_redirects=follow_redirects)\n           ^^^^^^^^^^^^^^^^^^^^^^^^^^^^^^^^^^^^^^^^^^^^^^^^^^^^^^^^^^^^^^^^^^^^^^\n  File "E:\\python\\Lib\\site-packages\\httpx\\_client.py", line 1629, in send\n    response = await self._send_handling_auth(\n               ^^^^^^^^^^^^^^^^^^^^^^^^^^^^^^^\n    ...<4 lines>...\n    )\n    ^\n  File "E:\\python\\Lib\\site-packages\\httpx\\_client.py", line 1657, in _send_handling_auth\n    response = await self._send_handling_redirects(\n               ^^^^^^^^^^^^^^^^^^^^^^^^^^^^^^^^^^^^\n    ...<3 lines>...\n    )\n    ^\n  File "E:\\python\\Lib\\site-packages\\httpx\\_client.py", line 1694, in _send_handling_redirects\n    response = await self._send_single_request(request)\n               ^^^^^^^^^^^^^^^^^^^^^^^^^^^^^^^^^^^^^^^^\n  File "E:\\python\\Lib\\site-packages\\httpx\\_client.py", line 1730, in _send_single_request\n    response = await transport.handle_async_request(request)\n               ^^^^^^^^^^^^^^^^^^^^^^^^^^^^^^^^^^^^^^^^^^^^^\n  File "E:\\python\\Lib\\site-packages\\httpx\\_transports\\default.py", line 393, in handle_async_request\n    with map_httpcore_exceptions():\n         ~~~~~~~~~~~~~~~~~~~~~~~^^\n  File "E:\\python\\Lib\\contextlib.py", line 162, in __exit__\n    self.gen.throw(value)\n    ~~~~~~~~~~~~~~^^^^^^^\n  File "E:\\python\\Lib\\site-packages\\httpx\\_transports\\default.py", line 118, in map_httpcore_exceptions\n    raise mapped_exc(message) from exc\nhttpx.ConnectError: [Errno 11001] getaddrinfo failed\n'}
HTTP EXCEPTION: 500 - {'message': 'STT failed: [Errno 11001] getaddrinfo failed', 'traceback': 'Traceback (most recent call last):\n  File "E:\\python\\Lib\\site-packages\\httpx\\_transports\\default.py", line 101, in map_httpcore_exceptions\n    yield\n  File "E:\\python\\Lib\\site-packages\\httpx\\_transports\\default.py", line 394, in handle_async_request\n    resp = await self._pool.handle_async_request(req)\n           ^^^^^^^^^^^^^^^^^^^^^^^^^^^^^^^^^^^^^^^^^^\n  File "E:\\python\\Lib\\site-packages\\httpcore\\_async\\connection_pool.py", line 256, in handle_async_request\n    raise exc from None\n  File "E:\\python\\Lib\\site-packages\\httpcore\\_async\\connection_pool.py", line 236, in handle_async_request\n    response = await connection.handle_async_request(\n               ^^^^^^^^^^^^^^^^^^^^^^^^^^^^^^^^^^^^^^\n        pool_request.request\n        ^^^^^^^^^^^^^^^^^^^^\n    )\n    ^\n  File "E:\\python\\Lib\\site-packages\\httpcore\\_async\\connection.py", line 101, in handle_async_request\n    raise exc\n  File "E:\\python\\Lib\\site-packages\\httpcore\\_async\\connection.py", line 78, in handle_async_request\n    stream = await self._connect(request)\n             ^^^^^^^^^^^^^^^^^^^^^^^^^^^^\n  File "E:\\python\\Lib\\site-packages\\httpcore\\_async\\connection.py", line 124, in _connect\n    stream = await self._network_backend.connect_tcp(**kwargs)\n             ^^^^^^^^^^^^^^^^^^^^^^^^^^^^^^^^^^^^^^^^^^^^^^^^^\n  File "E:\\python\\Lib\\site-packages\\httpcore\\_backends\\auto.py", line 31, in connect_tcp\n    return await self._backend.connect_tcp(\n           ^^^^^^^^^^^^^^^^^^^^^^^^^^^^^^^^\n    ...<5 lines>...\n    )\n    ^\n  File "E:\\python\\Lib\\site-packages\\httpcore\\_backends\\anyio.py", line 113, in connect_tcp\n    with map_exceptions(exc_map):\n         ~~~~~~~~~~~~~~^^^^^^^^^\n  File "E:\\python\\Lib\\contextlib.py", line 162, in __exit__\n    self.gen.throw(value)\n    ~~~~~~~~~~~~~~^^^^^^^\n  File "E:\\python\\Lib\\site-packages\\httpcore\\_exceptions.py", line 14, in map_exceptions\n    raise to_exc(exc) from exc\nhttpcore.ConnectError: [Errno 11001] getaddrinfo failed\n\nThe above exception was the direct cause of the following exception:\n\nTraceback (most recent call last):\n  File "D:\\mindbridgev3\\mindbridge\\backend\\api\\voice.py", line 247, in voice_conversation\n    transcript = await transcribe_audio(audio_bytes, language)\n                 ^^^^^^^^^^^^^^^^^^^^^^^^^^^^^^^^^^^^^^^^^^^^^\n  File "D:\\mindbridgev3\\mindbridge\\backend\\ai_engine\\voice_client.py", line 118, in transcribe_audio\n    response = await client.post(\n               ^^^^^^^^^^^^^^^^^^\n    ...<8 lines>...\n    )\n    ^\n  File "E:\\python\\Lib\\site-packages\\httpx\\_client.py", line 1859, in post\n    return await self.request(\n           ^^^^^^^^^^^^^^^^^^^\n    ...<13 lines>...\n    )\n    ^\n  File "E:\\python\\Lib\\site-packages\\httpx\\_client.py", line 1540, in request\n    return await self.send(request, auth=auth, follow_redirects=follow_redirects)\n           ^^^^^^^^^^^^^^^^^^^^^^^^^^^^^^^^^^^^^^^^^^^^^^^^^^^^^^^^^^^^^^^^^^^^^^\n  File "E:\\python\\Lib\\site-packages\\httpx\\_client.py", line 1629, in send\n    response = await self._send_handling_auth(\n               ^^^^^^^^^^^^^^^^^^^^^^^^^^^^^^^\n    ...<4 lines>...\n    )\n    ^\n  File "E:\\python\\Lib\\site-packages\\httpx\\_client.py", line 1657, in _send_handling_auth\n    response = await self._send_handling_redirects(\n               ^^^^^^^^^^^^^^^^^^^^^^^^^^^^^^^^^^^^\n    ...<3 lines>...\n    )\n    ^\n  File "E:\\python\\Lib\\site-packages\\httpx\\_client.py", line 1694, in _send_handling_redirects\n    response = await self._send_single_request(request)\n               ^^^^^^^^^^^^^^^^^^^^^^^^^^^^^^^^^^^^^^^^\n  File "E:\\python\\Lib\\site-packages\\httpx\\_client.py", line 1730, in _send_single_request\n    response = await transport.handle_async_request(request)\n               ^^^^^^^^^^^^^^^^^^^^^^^^^^^^^^^^^^^^^^^^^^^^^\n  File "E:\\python\\Lib\\site-packages\\httpx\\_transports\\default.py", line 393, in handle_async_request\n    with map_httpcore_exceptions():\n         ~~~~~~~~~~~~~~~~~~~~~~~^^\n  File "E:\\python\\Lib\\contextlib.py", line 162, in __exit__\n    self.gen.throw(value)\n    ~~~~~~~~~~~~~~^^^^^^^\n  File "E:\\python\\Lib\\site-packages\\httpx\\_transports\\default.py", line 118, in map_httpcore_exceptions\n    raise mapped_exc(message) from exc\nhttpx.ConnectError: [Errno 11001] getaddrinfo failed\n'}
HTTP EXCEPTION: 500 - {'message': 'STT failed: [Errno 11001] getaddrinfo failed', 'traceback': 'Traceback (most recent call last):\n  File "E:\\python\\Lib\\site-packages\\httpx\\_transports\\default.py", line 101, in map_httpcore_exceptions\n    yield\n  File "E:\\python\\Lib\\site-packages\\httpx\\_transports\\default.py", line 394, in handle_async_request\n    resp = await self._pool.handle_async_request(req)\n           ^^^^^^^^^^^^^^^^^^^^^^^^^^^^^^^^^^^^^^^^^^\n  File "E:\\python\\Lib\\site-packages\\httpcore\\_async\\connection_pool.py", line 256, in handle_async_request\n    raise exc from None\n  File "E:\\python\\Lib\\site-packages\\httpcore\\_async\\connection_pool.py", line 236, in handle_async_request\n    response = await connection.handle_async_request(\n               ^^^^^^^^^^^^^^^^^^^^^^^^^^^^^^^^^^^^^^\n        pool_request.request\n        ^^^^^^^^^^^^^^^^^^^^\n    )\n    ^\n  File "E:\\python\\Lib\\site-packages\\httpcore\\_async\\connection.py", line 101, in handle_async_request\n    raise exc\n  File "E:\\python\\Lib\\site-packages\\httpcore\\_async\\connection.py", line 78, in handle_async_request\n    stream = await self._connect(request)\n             ^^^^^^^^^^^^^^^^^^^^^^^^^^^^\n  File "E:\\python\\Lib\\site-packages\\httpcore\\_async\\connection.py", line 124, in _connect\n    stream = await self._network_backend.connect_tcp(**kwargs)\n             ^^^^^^^^^^^^^^^^^^^^^^^^^^^^^^^^^^^^^^^^^^^^^^^^^\n  File "E:\\python\\Lib\\site-packages\\httpcore\\_backends\\auto.py", line 31, in connect_tcp\n    return await self._backend.connect_tcp(\n           ^^^^^^^^^^^^^^^^^^^^^^^^^^^^^^^^\n    ...<5 lines>...\n    )\n    ^\n  File "E:\\python\\Lib\\site-packages\\httpcore\\_backends\\anyio.py", line 113, in connect_tcp\n    with map_exceptions(exc_map):\n         ~~~~~~~~~~~~~~^^^^^^^^^\n  File "E:\\python\\Lib\\contextlib.py", line 162, in __exit__\n    self.gen.throw(value)\n    ~~~~~~~~~~~~~~^^^^^^^\n  File "E:\\python\\Lib\\site-packages\\httpcore\\_exceptions.py", line 14, in map_exceptions\n    raise to_exc(exc) from exc\nhttpcore.ConnectError: [Errno 11001] getaddrinfo failed\n\nThe above exception was the direct cause of the following exception:\n\nTraceback (most recent call last):\n  File "D:\\mindbridgev3\\mindbridge\\backend\\api\\voice.py", line 247, in voice_conversation\n    transcript = await transcribe_audio(audio_bytes, language)\n                 ^^^^^^^^^^^^^^^^^^^^^^^^^^^^^^^^^^^^^^^^^^^^^\n  File "D:\\mindbridgev3\\mindbridge\\backend\\ai_engine\\voice_client.py", line 118, in transcribe_audio\n    response = await client.post(\n               ^^^^^^^^^^^^^^^^^^\n    ...<8 lines>...\n    )\n    ^\n  File "E:\\python\\Lib\\site-packages\\httpx\\_client.py", line 1859, in post\n    return await self.request(\n           ^^^^^^^^^^^^^^^^^^^\n    ...<13 lines>...\n    )\n    ^\n  File "E:\\python\\Lib\\site-packages\\httpx\\_client.py", line 1540, in request\n    return await self.send(request, auth=auth, follow_redirects=follow_redirects)\n           ^^^^^^^^^^^^^^^^^^^^^^^^^^^^^^^^^^^^^^^^^^^^^^^^^^^^^^^^^^^^^^^^^^^^^^\n  File "E:\\python\\Lib\\site-packages\\httpx\\_client.py", line 1629, in send\n    response = await self._send_handling_auth(\n               ^^^^^^^^^^^^^^^^^^^^^^^^^^^^^^^\n    ...<4 lines>...\n    )\n    ^\n  File "E:\\python\\Lib\\site-packages\\httpx\\_client.py", line 1657, in _send_handling_auth\n    response = await self._send_handling_redirects(\n               ^^^^^^^^^^^^^^^^^^^^^^^^^^^^^^^^^^^^\n    ...<3 lines>...\n    )\n    ^\n  File "E:\\python\\Lib\\site-packages\\httpx\\_client.py", line 1694, in _send_handling_redirects\n    response = await self._send_single_request(request)\n               ^^^^^^^^^^^^^^^^^^^^^^^^^^^^^^^^^^^^^^^^\n  File "E:\\python\\Lib\\site-packages\\httpx\\_client.py", line 1730, in _send_single_request\n    response = await transport.handle_async_request(request)\n               ^^^^^^^^^^^^^^^^^^^^^^^^^^^^^^^^^^^^^^^^^^^^^\n  File "E:\\python\\Lib\\site-packages\\httpx\\_transports\\default.py", line 393, in handle_async_request\n    with map_httpcore_exceptions():\n         ~~~~~~~~~~~~~~~~~~~~~~~^^\n  File "E:\\python\\Lib\\contextlib.py", line 162, in __exit__\n    self.gen.throw(value)\n    ~~~~~~~~~~~~~~^^^^^^^\n  File "E:\\python\\Lib\\site-packages\\httpx\\_transports\\default.py", line 118, in map_httpcore_exceptions\n    raise mapped_exc(message) from exc\nhttpx.ConnectError: [Errno 11001] getaddrinfo failed\n'}
